// Jest Snapshot v1, https://goo.gl/fbAQLP

exports[`should render Confirm correctly with  confirmFormData and localStorage data 1`] = `
<styled.div>
  <styled.h1
    className="text-center "
  >
    Confirm
  </styled.h1>
  <styled.div>
    <styled.div
      theme="light"
    >
      <styled.div
        theme="light"
      >
        What is your name?
      </styled.div>
      <styled.div
        theme="light"
      >
        Oluwakemi Dada
      </styled.div>
    </styled.div>
    <styled.div
      theme="light"
    >
      <styled.div
        theme="light"
      >
        What is your age bracket?
      </styled.div>
      <styled.div
        theme="light"
      >
        24
      </styled.div>
    </styled.div>
    <styled.div
      theme="light"
    >
      <styled.div
        theme="light"
      >
        What is your sex?
      </styled.div>
      <styled.div
        theme="light"
      >
        Female
      </styled.div>
    </styled.div>
  </styled.div>
  <styled.div>
    <styled.button
      onClick={[Function]}
    >
      Back
    </styled.button>
    <styled.button
      onClick={[Function]}
    >
      Submit
    </styled.button>
  </styled.div>
</styled.div>
`;
